{
  "type": "FeatureCollection",
  "features": [
    {
      "type": "Feature",
      "properties": {},
      "geometry": {
        "type": "Polygon",
        "coordinates": [
          [
            [
              -69.609,
              51.179
            ],
            [
              -71.016,
              48.458
            ],
            [
              -93.867,
              28.613
            ],
            [
              -45.0,
              24.207
            ],
            [
              -39.727,
              41.245
            ],
            [
              -46.758,
              47.99
            ],
            [
              -69.609,
              51.179
            ]
          ]
        ]
      }
    },
    {
      "type": "Feature",
      "properties": {},
      "geometry": {
        "type": "Polygon",
        "coordinates": [
          [
            [
              -31.289,
              10.833
            ],
            [
              -31.289,
              34.307
            ],
            [
              -7.031,
              34.307
            ],
            [
              -7.031,
              10.833
            ],
            [
              -31.289,
              10.833
            ]
          ]
        ]
      }
    },
    {
      "type": "Feature",
      "properties": {},
      "geometry": {
        "type": "Point",
        "coordinates": [
          18.984,
          57.327
        ]
      }
    },
    {
      "type": "Feature",
      "properties": {},
      "geometry": {
        "type": "LineString",
        "coordinates": [
          [
            19.688,
            33.431
          ],
          [
            11.25,
            45.089
          ],
          [
            -7.031,
            46.559
          ],
          [
            -11.602,
            54.368
          ],
          [
            6.328,
            53.54
          ],
          [
            35.156,
            51.179
          ]
        ]
      }
    }
  ]
}