{
    "type": "FeatureCollection",
    "crs": {
        "type": "name",
        "properties": {
            "name": "EPSG:3857"
        }
    },
    "features": [
        {
            "type": "Feature",
            "geometry": {
                "type": "Point",
                "coordinates": [
                    0.0,
                    0.0
                ]
            }
        },
        {
            "type": "Feature",
            "geometry": {
                "type": "LineString",
                "coordinates": [
                    [
                        4000000.0,
                        -2000000.002
                    ],
                    [
                        8000000.0,
                        2000000.0
                    ]
                ]
            }
        },
        {
            "type": "Feature",
            "geometry": {
                "type": "LineString",
                "coordinates": [
                    [
                        4000000.0,
                        2000000.0
                    ],
                    [
                        8000000.0,
                        -2000000.0
                    ]
                ]
            }
        },
        {
            "type": "Feature",
            "geometry": {
                "type": "Polygon",
                "coordinates": [
                    [
                        [
                            -5000000.0,
                            -1000000.0
                        ],
                        [
                            -4000000.0,
                            1000000.0
                        ],
                        [
                            -3000000.0,
                            -1000000.0
                        ]
                    ]
                ]
            }
        },
        {
            "type": "Feature",
            "geometry": {
                "type": "MultiLineString",
                "coordinates": [
                    [
                        [
                            -1000000.0,
                            -750000.0
                        ],
                        [
                            -1000000.0,
                            750000.0
                        ]
                    ],
                    [
                        [
                            1000000.0,
                            -750000.0
                        ],
                        [
                            1000000.0,
                            750000.0
                        ]
                    ],
                    [
                        [
                            -750000.0,
                            -1000000.0
                        ],
                        [
                            750000.0,
                            -1000000.0
                        ]
                    ],
                    [
                        [
                            -750000.0,
                            1000000.0
                        ],
                        [
                            750000.0,
                            1000000.0
                        ]
                    ]
                ]
            }
        },
        {
            "type": "Feature",
            "geometry": {
                "type": "MultiPolygon",
                "coordinates": [
                    [
                        [
                            [
                                -5000000.0,
                                6000000.0
                            ],
                            [
                                -5000000.0,
                                8000000.0
                            ],
                            [
                                -3000000.0,
                                8000000.0
                            ],
                            [
                                -3000000.0,
                                6000000.0
                            ]
                        ]
                    ],
                    [
                        [
                            [
                                -2000000.0,
                                6000000.0
                            ],
                            [
                                -2000000.0,
                                8000000.0
                            ],
                            [
                                0.0,
                                8000000.0
                            ],
                            [
                                0.0,
                                6000000.0
                            ]
                        ]
                    ],
                    [
                        [
                            [
                                1000000.0,
                                6000000.0
                            ],
                            [
                                1000000.0,
                                8000000.0
                            ],
                            [
                                3000000.0,
                                8000000.0
                            ],
                            [
                                3000000.0,
                                6000000.0
                            ]
                        ]
                    ]
                ]
            }
        },
        {
            "type": "Feature",
            "geometry": {
                "type": "GeometryCollection",
                "geometries": [
                    {
                        "type": "LineString",
                        "coordinates": [
                            [
                                -5000000.0,
                                -5000000.0
                            ],
                            [
                                0.0,
                                -5000000.0
                            ]
                        ]
                    },
                    {
                        "type": "Point",
                        "coordinates": [
                            4000000.0,
                            -5000000.0
                        ]
                    },
                    {
                        "type": "Polygon",
                        "coordinates": [
                            [
                                [
                                    1000000.0,
                                    -6000000.0
                                ],
                                [
                                    2000000.0,
                                    -4000000.0
                                ],
                                [
                                    3000000.0,
                                    -6000000.0
                                ]
                            ]
                        ]
                    }
                ]
            }
        }
    ]
}