{
    "type": "FeatureCollection",
    "features": [
        {
            "type": "Feature",
            "geometry": null,
            "properties": {}
        }
    ]
}