{
  "type": "Polygon",
  "coordinates": [
    [
      [
        -10.547,
        35.174
      ],
      [
        -10.547,
        44.59
      ],
      [
        2.461,
        44.59
      ],
      [
        2.461,
        35.174
      ],
      [
        -10.547,
        35.174
      ]
    ]
  ]
}