{
  "type": "GeometryCollection",
  "geometries": [
    {
      "type": "Point",
      "coordinates": [
        45.703,
        56.559
      ]
    },
    {
      "type": "LineString",
      "coordinates": [
        [
          -105.82,
          20.303
        ],
        [
          -63.633,
          53.749
        ],
        [
          -27.422,
          13.24
        ],
        [
          37.969,
          35.174
        ],
        [
          51.68,
          -27.059
        ]
      ]
    }
  ]
}