{
  "type": "MultiPolygon",
  "coordinates": [
    [
      [
        [
          102.0,
          2.0
        ],
        [
          102.0,
          2.0
        ]
      ]
    ],
    [
      [
        [
          100.0,
          0.0
        ],
        [
          100.0,
          0.0
        ]
      ]
    ]
  ]
}