{
  "type": "MultiPoint",
  "coordinates": [
    [
      -89.648,
      43.325
    ],
    [
      -49.57,
      -11.178
    ],
    [
      45.703,
      56.559
    ]
  ]
}