{
  "type": "Point",
  "coordinates": [
    18.984,
    57.327
  ]
}